Archive member included to satisfy reference by file (symbol)

/usr/lib/gcc/arm-none-eabi/9.2.1/../../../arm-none-eabi/lib/thumb/v6-m/nofp/libc_nano.a(lib_a-atexit.o)
                              /usr/lib/gcc/arm-none-eabi/9.2.1/../../../arm-none-eabi/lib/thumb/v6-m/nofp/crt0.o (atexit)
/usr/lib/gcc/arm-none-eabi/9.2.1/../../../arm-none-eabi/lib/thumb/v6-m/nofp/libc_nano.a(lib_a-exit.o)
                              /usr/lib/gcc/arm-none-eabi/9.2.1/../../../arm-none-eabi/lib/thumb/v6-m/nofp/crt0.o (exit)
/usr/lib/gcc/arm-none-eabi/9.2.1/../../../arm-none-eabi/lib/thumb/v6-m/nofp/libc_nano.a(lib_a-fini.o)
                              /usr/lib/gcc/arm-none-eabi/9.2.1/../../../arm-none-eabi/lib/thumb/v6-m/nofp/crt0.o (__libc_fini_array)
/usr/lib/gcc/arm-none-eabi/9.2.1/../../../arm-none-eabi/lib/thumb/v6-m/nofp/libc_nano.a(lib_a-impure.o)
                              /usr/lib/gcc/arm-none-eabi/9.2.1/../../../arm-none-eabi/lib/thumb/v6-m/nofp/libc_nano.a(lib_a-exit.o) (_global_impure_ptr)
/usr/lib/gcc/arm-none-eabi/9.2.1/../../../arm-none-eabi/lib/thumb/v6-m/nofp/libc_nano.a(lib_a-init.o)
                              /usr/lib/gcc/arm-none-eabi/9.2.1/../../../arm-none-eabi/lib/thumb/v6-m/nofp/crt0.o (__libc_init_array)
/usr/lib/gcc/arm-none-eabi/9.2.1/../../../arm-none-eabi/lib/thumb/v6-m/nofp/libc_nano.a(lib_a-memset.o)
                              /usr/lib/gcc/arm-none-eabi/9.2.1/../../../arm-none-eabi/lib/thumb/v6-m/nofp/crt0.o (memset)
/usr/lib/gcc/arm-none-eabi/9.2.1/../../../arm-none-eabi/lib/thumb/v6-m/nofp/libc_nano.a(lib_a-__atexit.o)
                              /usr/lib/gcc/arm-none-eabi/9.2.1/../../../arm-none-eabi/lib/thumb/v6-m/nofp/libc_nano.a(lib_a-atexit.o) (__register_exitproc)
/usr/lib/gcc/arm-none-eabi/9.2.1/../../../arm-none-eabi/lib/thumb/v6-m/nofp/libc_nano.a(lib_a-__call_atexit.o)
                              /usr/lib/gcc/arm-none-eabi/9.2.1/../../../arm-none-eabi/lib/thumb/v6-m/nofp/libc_nano.a(lib_a-__atexit.o) (__call_exitprocs)
/usr/lib/gcc/arm-none-eabi/9.2.1/thumb/v6-m/nofp/libgcc.a(_thumb1_case_uqi.o)
                              build/main.o (__gnu_thumb1_case_uqi)
/usr/lib/gcc/arm-none-eabi/9.2.1/thumb/v6-m/nofp/libgcc.a(_udivsi3.o)
                              build/main.o (__aeabi_uidiv)
/usr/lib/gcc/arm-none-eabi/9.2.1/thumb/v6-m/nofp/libgcc.a(_divsi3.o)
                              build/main.o (__aeabi_idiv)
/usr/lib/gcc/arm-none-eabi/9.2.1/thumb/v6-m/nofp/libgcc.a(_dvmd_tls.o)
                              /usr/lib/gcc/arm-none-eabi/9.2.1/thumb/v6-m/nofp/libgcc.a(_udivsi3.o) (__aeabi_idiv0)
/usr/lib/gcc/arm-none-eabi/9.2.1/../../../arm-none-eabi/lib/thumb/v6-m/nofp/libnosys.a(_exit.o)
                              /usr/lib/gcc/arm-none-eabi/9.2.1/../../../arm-none-eabi/lib/thumb/v6-m/nofp/libc_nano.a(lib_a-exit.o) (_exit)

Discarded input sections

 .text          0x0000000000000000        0x0 /usr/lib/gcc/arm-none-eabi/9.2.1/thumb/v6-m/nofp/crti.o
 .data          0x0000000000000000        0x0 /usr/lib/gcc/arm-none-eabi/9.2.1/thumb/v6-m/nofp/crti.o
 .bss           0x0000000000000000        0x0 /usr/lib/gcc/arm-none-eabi/9.2.1/thumb/v6-m/nofp/crti.o
 .data          0x0000000000000000        0x4 /usr/lib/gcc/arm-none-eabi/9.2.1/thumb/v6-m/nofp/crtbegin.o
 .text          0x0000000000000000       0x74 /usr/lib/gcc/arm-none-eabi/9.2.1/../../../arm-none-eabi/lib/thumb/v6-m/nofp/crt0.o
 .data          0x0000000000000000        0x0 /usr/lib/gcc/arm-none-eabi/9.2.1/../../../arm-none-eabi/lib/thumb/v6-m/nofp/crt0.o
 .bss           0x0000000000000000        0x0 /usr/lib/gcc/arm-none-eabi/9.2.1/../../../arm-none-eabi/lib/thumb/v6-m/nofp/crt0.o
 .ARM.extab     0x0000000000000000        0x0 /usr/lib/gcc/arm-none-eabi/9.2.1/../../../arm-none-eabi/lib/thumb/v6-m/nofp/crt0.o
 .ARM.exidx     0x0000000000000000       0x10 /usr/lib/gcc/arm-none-eabi/9.2.1/../../../arm-none-eabi/lib/thumb/v6-m/nofp/crt0.o
 .debug_line    0x0000000000000000       0x8c /usr/lib/gcc/arm-none-eabi/9.2.1/../../../arm-none-eabi/lib/thumb/v6-m/nofp/crt0.o
 .debug_info    0x0000000000000000       0x26 /usr/lib/gcc/arm-none-eabi/9.2.1/../../../arm-none-eabi/lib/thumb/v6-m/nofp/crt0.o
 .debug_abbrev  0x0000000000000000       0x14 /usr/lib/gcc/arm-none-eabi/9.2.1/../../../arm-none-eabi/lib/thumb/v6-m/nofp/crt0.o
 .debug_aranges
                0x0000000000000000       0x20 /usr/lib/gcc/arm-none-eabi/9.2.1/../../../arm-none-eabi/lib/thumb/v6-m/nofp/crt0.o
 .debug_str     0x0000000000000000       0x94 /usr/lib/gcc/arm-none-eabi/9.2.1/../../../arm-none-eabi/lib/thumb/v6-m/nofp/crt0.o
 .ARM.attributes
                0x0000000000000000       0x1b /usr/lib/gcc/arm-none-eabi/9.2.1/../../../arm-none-eabi/lib/thumb/v6-m/nofp/crt0.o
 .group         0x0000000000000000        0x8 build/main.o
 .group         0x0000000000000000        0x8 build/main.o
 .group         0x0000000000000000        0x8 build/main.o
 .group         0x0000000000000000        0x8 build/main.o
 .group         0x0000000000000000        0xc build/main.o
 .group         0x0000000000000000        0xc build/main.o
 .group         0x0000000000000000        0x8 build/main.o
 .group         0x0000000000000000        0xc build/main.o
 .group         0x0000000000000000        0xc build/main.o
 .group         0x0000000000000000        0x8 build/main.o
 .group         0x0000000000000000        0x8 build/main.o
 .group         0x0000000000000000        0xc build/main.o
 .group         0x0000000000000000        0x8 build/main.o
 .group         0x0000000000000000        0xc build/main.o
 .group         0x0000000000000000        0xc build/main.o
 .group         0x0000000000000000        0xc build/main.o
 .group         0x0000000000000000        0xc build/main.o
 .group         0x0000000000000000        0xc build/main.o
 .group         0x0000000000000000        0xc build/main.o
 .group         0x0000000000000000        0xc build/main.o
 .group         0x0000000000000000        0x8 build/main.o
 .group         0x0000000000000000        0x8 build/main.o
 .group         0x0000000000000000        0x8 build/main.o
 .group         0x0000000000000000        0x8 build/main.o
 .group         0x0000000000000000        0x8 build/main.o
 .group         0x0000000000000000        0x8 build/main.o
 .group         0x0000000000000000        0x8 build/main.o
 .group         0x0000000000000000        0x8 build/main.o
 .group         0x0000000000000000        0x8 build/main.o
 .group         0x0000000000000000        0x8 build/main.o
 .group         0x0000000000000000        0x8 build/main.o
 .group         0x0000000000000000        0x8 build/main.o
 .group         0x0000000000000000        0x8 build/main.o
 .group         0x0000000000000000        0x8 build/main.o
 .group         0x0000000000000000        0x8 build/main.o
 .group         0x0000000000000000        0x8 build/main.o
 .group         0x0000000000000000        0x8 build/main.o
 .group         0x0000000000000000        0x8 build/main.o
 .group         0x0000000000000000        0x8 build/main.o
 .group         0x0000000000000000        0x8 build/main.o
 .group         0x0000000000000000        0x8 build/main.o
 .group         0x0000000000000000        0x8 build/main.o
 .text          0x0000000000000000        0x0 build/main.o
 .data          0x0000000000000000        0x0 build/main.o
 .bss           0x0000000000000000        0x0 build/main.o
 .text._ZN5Timer5eventEv
                0x0000000000000000       0x12 build/main.o
 .text._ZN5Timer4doneEv
                0x0000000000000000        0xe build/main.o
 .text._ZN5Timer7isCountEv
                0x0000000000000000        0x4 build/main.o
 .text._ZN5Timer10timePassedEv
                0x0000000000000000        0x4 build/main.o
 .text._ZN5Timer8timeLeftEv
                0x0000000000000000        0x8 build/main.o
 .text._ZN5Timer9isGreaterEm
                0x0000000000000000        0xa build/main.o
 .text._ZN5Timer4stopEv
                0x0000000000000000        0xc build/main.o
 .text._ZN5Timer5pauseEv
                0x0000000000000000        0x8 build/main.o
 .text._ZN5Timer5startEm
                0x0000000000000000        0xa build/main.o
 .text._ZN5Timer5startEv
                0x0000000000000000        0x8 build/main.o
 .text._ZN3mcu3DMA21clear_interrupt_flagsENS0_7ChannelE
                0x0000000000000000        0xe build/main.o
 .text._ZN3mcu3TIM14compare_enableENS0_7ChannelE
                0x0000000000000000       0x32 build/main.o
 .text._ZN3mcu3TIM15compare_disableENS0_7ChannelE
                0x0000000000000000       0x38 build/main.o
 .text._ZN3mcu3TIM16interrupt_enableENS0_7ChannelE
                0x0000000000000000       0x2c build/main.o
 .text._ZN3mcu3TIM10is_compareENS0_7ChannelE
                0x0000000000000000       0x2e build/main.o
 .text._ZN3mcu3TIM11set_compareENS0_7ChannelEt
                0x0000000000000000       0x20 build/main.o
 .text._ZN3mcu5FLASH6unlockEv
                0x0000000000000000       0x18 build/main.o
 .text._ZN3mcu5FLASH11start_eraseENS0_6SectorE
                0x0000000000000000       0x24 build/main.o
 .text          0x0000000000000000       0x14 build/startup_stm32f030x6.o
 .data          0x0000000000000000        0x0 build/startup_stm32f030x6.o
 .bss           0x0000000000000000        0x0 build/startup_stm32f030x6.o
 .text          0x0000000000000000       0x10 /usr/lib/gcc/arm-none-eabi/9.2.1/../../../arm-none-eabi/lib/thumb/v6-m/nofp/libc_nano.a(lib_a-atexit.o)
 .data          0x0000000000000000        0x0 /usr/lib/gcc/arm-none-eabi/9.2.1/../../../arm-none-eabi/lib/thumb/v6-m/nofp/libc_nano.a(lib_a-atexit.o)
 .bss           0x0000000000000000        0x0 /usr/lib/gcc/arm-none-eabi/9.2.1/../../../arm-none-eabi/lib/thumb/v6-m/nofp/libc_nano.a(lib_a-atexit.o)
 .debug_info    0x0000000000000000      0x995 /usr/lib/gcc/arm-none-eabi/9.2.1/../../../arm-none-eabi/lib/thumb/v6-m/nofp/libc_nano.a(lib_a-atexit.o)
 .debug_abbrev  0x0000000000000000      0x1f1 /usr/lib/gcc/arm-none-eabi/9.2.1/../../../arm-none-eabi/lib/thumb/v6-m/nofp/libc_nano.a(lib_a-atexit.o)
 .debug_loc     0x0000000000000000       0x32 /usr/lib/gcc/arm-none-eabi/9.2.1/../../../arm-none-eabi/lib/thumb/v6-m/nofp/libc_nano.a(lib_a-atexit.o)
 .debug_aranges
                0x0000000000000000       0x20 /usr/lib/gcc/arm-none-eabi/9.2.1/../../../arm-none-eabi/lib/thumb/v6-m/nofp/libc_nano.a(lib_a-atexit.o)
 .debug_line    0x0000000000000000      0x152 /usr/lib/gcc/arm-none-eabi/9.2.1/../../../arm-none-eabi/lib/thumb/v6-m/nofp/libc_nano.a(lib_a-atexit.o)
 .debug_str     0x0000000000000000      0x626 /usr/lib/gcc/arm-none-eabi/9.2.1/../../../arm-none-eabi/lib/thumb/v6-m/nofp/libc_nano.a(lib_a-atexit.o)
 .comment       0x0000000000000000       0x4f /usr/lib/gcc/arm-none-eabi/9.2.1/../../../arm-none-eabi/lib/thumb/v6-m/nofp/libc_nano.a(lib_a-atexit.o)
 .debug_frame   0x0000000000000000       0x28 /usr/lib/gcc/arm-none-eabi/9.2.1/../../../arm-none-eabi/lib/thumb/v6-m/nofp/libc_nano.a(lib_a-atexit.o)
 .ARM.attributes
                0x0000000000000000       0x2c /usr/lib/gcc/arm-none-eabi/9.2.1/../../../arm-none-eabi/lib/thumb/v6-m/nofp/libc_nano.a(lib_a-atexit.o)
 .text          0x0000000000000000       0x2c /usr/lib/gcc/arm-none-eabi/9.2.1/../../../arm-none-eabi/lib/thumb/v6-m/nofp/libc_nano.a(lib_a-exit.o)
 .data          0x0000000000000000        0x0 /usr/lib/gcc/arm-none-eabi/9.2.1/../../../arm-none-eabi/lib/thumb/v6-m/nofp/libc_nano.a(lib_a-exit.o)
 .bss           0x0000000000000000        0x0 /usr/lib/gcc/arm-none-eabi/9.2.1/../../../arm-none-eabi/lib/thumb/v6-m/nofp/libc_nano.a(lib_a-exit.o)
 .debug_info    0x0000000000000000      0x9e7 /usr/lib/gcc/arm-none-eabi/9.2.1/../../../arm-none-eabi/lib/thumb/v6-m/nofp/libc_nano.a(lib_a-exit.o)
 .debug_abbrev  0x0000000000000000      0x1f6 /usr/lib/gcc/arm-none-eabi/9.2.1/../../../arm-none-eabi/lib/thumb/v6-m/nofp/libc_nano.a(lib_a-exit.o)
 .debug_loc     0x0000000000000000       0x22 /usr/lib/gcc/arm-none-eabi/9.2.1/../../../arm-none-eabi/lib/thumb/v6-m/nofp/libc_nano.a(lib_a-exit.o)
 .debug_aranges
                0x0000000000000000       0x20 /usr/lib/gcc/arm-none-eabi/9.2.1/../../../arm-none-eabi/lib/thumb/v6-m/nofp/libc_nano.a(lib_a-exit.o)
 .debug_line    0x0000000000000000      0x16a /usr/lib/gcc/arm-none-eabi/9.2.1/../../../arm-none-eabi/lib/thumb/v6-m/nofp/libc_nano.a(lib_a-exit.o)
 .debug_str     0x0000000000000000      0x627 /usr/lib/gcc/arm-none-eabi/9.2.1/../../../arm-none-eabi/lib/thumb/v6-m/nofp/libc_nano.a(lib_a-exit.o)
 .comment       0x0000000000000000       0x4f /usr/lib/gcc/arm-none-eabi/9.2.1/../../../arm-none-eabi/lib/thumb/v6-m/nofp/libc_nano.a(lib_a-exit.o)
 .debug_frame   0x0000000000000000       0x28 /usr/lib/gcc/arm-none-eabi/9.2.1/../../../arm-none-eabi/lib/thumb/v6-m/nofp/libc_nano.a(lib_a-exit.o)
 .ARM.attributes
                0x0000000000000000       0x2c /usr/lib/gcc/arm-none-eabi/9.2.1/../../../arm-none-eabi/lib/thumb/v6-m/nofp/libc_nano.a(lib_a-exit.o)
 .text          0x0000000000000000       0x28 /usr/lib/gcc/arm-none-eabi/9.2.1/../../../arm-none-eabi/lib/thumb/v6-m/nofp/libc_nano.a(lib_a-fini.o)
 .data          0x0000000000000000        0x0 /usr/lib/gcc/arm-none-eabi/9.2.1/../../../arm-none-eabi/lib/thumb/v6-m/nofp/libc_nano.a(lib_a-fini.o)
 .bss           0x0000000000000000        0x0 /usr/lib/gcc/arm-none-eabi/9.2.1/../../../arm-none-eabi/lib/thumb/v6-m/nofp/libc_nano.a(lib_a-fini.o)
 .debug_info    0x0000000000000000      0x102 /usr/lib/gcc/arm-none-eabi/9.2.1/../../../arm-none-eabi/lib/thumb/v6-m/nofp/libc_nano.a(lib_a-fini.o)
 .debug_abbrev  0x0000000000000000       0xcc /usr/lib/gcc/arm-none-eabi/9.2.1/../../../arm-none-eabi/lib/thumb/v6-m/nofp/libc_nano.a(lib_a-fini.o)
 .debug_loc     0x0000000000000000       0x46 /usr/lib/gcc/arm-none-eabi/9.2.1/../../../arm-none-eabi/lib/thumb/v6-m/nofp/libc_nano.a(lib_a-fini.o)
 .debug_aranges
                0x0000000000000000       0x20 /usr/lib/gcc/arm-none-eabi/9.2.1/../../../arm-none-eabi/lib/thumb/v6-m/nofp/libc_nano.a(lib_a-fini.o)
 .debug_line    0x0000000000000000       0xd4 /usr/lib/gcc/arm-none-eabi/9.2.1/../../../arm-none-eabi/lib/thumb/v6-m/nofp/libc_nano.a(lib_a-fini.o)
 .debug_str     0x0000000000000000      0x1f8 /usr/lib/gcc/arm-none-eabi/9.2.1/../../../arm-none-eabi/lib/thumb/v6-m/nofp/libc_nano.a(lib_a-fini.o)
 .comment       0x0000000000000000       0x4f /usr/lib/gcc/arm-none-eabi/9.2.1/../../../arm-none-eabi/lib/thumb/v6-m/nofp/libc_nano.a(lib_a-fini.o)
 .debug_frame   0x0000000000000000       0x2c /usr/lib/gcc/arm-none-eabi/9.2.1/../../../arm-none-eabi/lib/thumb/v6-m/nofp/libc_nano.a(lib_a-fini.o)
 .ARM.attributes
                0x0000000000000000       0x2c /usr/lib/gcc/arm-none-eabi/9.2.1/../../../arm-none-eabi/lib/thumb/v6-m/nofp/libc_nano.a(lib_a-fini.o)
 .text          0x0000000000000000        0x0 /usr/lib/gcc/arm-none-eabi/9.2.1/../../../arm-none-eabi/lib/thumb/v6-m/nofp/libc_nano.a(lib_a-impure.o)
 .data          0x0000000000000000       0x64 /usr/lib/gcc/arm-none-eabi/9.2.1/../../../arm-none-eabi/lib/thumb/v6-m/nofp/libc_nano.a(lib_a-impure.o)
 .bss           0x0000000000000000        0x0 /usr/lib/gcc/arm-none-eabi/9.2.1/../../../arm-none-eabi/lib/thumb/v6-m/nofp/libc_nano.a(lib_a-impure.o)
 .rodata        0x0000000000000000        0x4 /usr/lib/gcc/arm-none-eabi/9.2.1/../../../arm-none-eabi/lib/thumb/v6-m/nofp/libc_nano.a(lib_a-impure.o)
 .debug_info    0x0000000000000000      0x92a /usr/lib/gcc/arm-none-eabi/9.2.1/../../../arm-none-eabi/lib/thumb/v6-m/nofp/libc_nano.a(lib_a-impure.o)
 .debug_abbrev  0x0000000000000000      0x17a /usr/lib/gcc/arm-none-eabi/9.2.1/../../../arm-none-eabi/lib/thumb/v6-m/nofp/libc_nano.a(lib_a-impure.o)
 .debug_aranges
                0x0000000000000000       0x18 /usr/lib/gcc/arm-none-eabi/9.2.1/../../../arm-none-eabi/lib/thumb/v6-m/nofp/libc_nano.a(lib_a-impure.o)
 .debug_line    0x0000000000000000       0xe3 /usr/lib/gcc/arm-none-eabi/9.2.1/../../../arm-none-eabi/lib/thumb/v6-m/nofp/libc_nano.a(lib_a-impure.o)
 .debug_str     0x0000000000000000      0x5db /usr/lib/gcc/arm-none-eabi/9.2.1/../../../arm-none-eabi/lib/thumb/v6-m/nofp/libc_nano.a(lib_a-impure.o)
 .comment       0x0000000000000000       0x4f /usr/lib/gcc/arm-none-eabi/9.2.1/../../../arm-none-eabi/lib/thumb/v6-m/nofp/libc_nano.a(lib_a-impure.o)
 .ARM.attributes
                0x0000000000000000       0x2c /usr/lib/gcc/arm-none-eabi/9.2.1/../../../arm-none-eabi/lib/thumb/v6-m/nofp/libc_nano.a(lib_a-impure.o)
 .data          0x0000000000000000        0x0 /usr/lib/gcc/arm-none-eabi/9.2.1/../../../arm-none-eabi/lib/thumb/v6-m/nofp/libc_nano.a(lib_a-init.o)
 .bss           0x0000000000000000        0x0 /usr/lib/gcc/arm-none-eabi/9.2.1/../../../arm-none-eabi/lib/thumb/v6-m/nofp/libc_nano.a(lib_a-init.o)
 .data          0x0000000000000000        0x0 /usr/lib/gcc/arm-none-eabi/9.2.1/../../../arm-none-eabi/lib/thumb/v6-m/nofp/libc_nano.a(lib_a-memset.o)
 .bss           0x0000000000000000        0x0 /usr/lib/gcc/arm-none-eabi/9.2.1/../../../arm-none-eabi/lib/thumb/v6-m/nofp/libc_nano.a(lib_a-memset.o)
 .text          0x0000000000000000       0xdc /usr/lib/gcc/arm-none-eabi/9.2.1/../../../arm-none-eabi/lib/thumb/v6-m/nofp/libc_nano.a(lib_a-__atexit.o)
 .data          0x0000000000000000        0x4 /usr/lib/gcc/arm-none-eabi/9.2.1/../../../arm-none-eabi/lib/thumb/v6-m/nofp/libc_nano.a(lib_a-__atexit.o)
 .bss           0x0000000000000000       0x8c /usr/lib/gcc/arm-none-eabi/9.2.1/../../../arm-none-eabi/lib/thumb/v6-m/nofp/libc_nano.a(lib_a-__atexit.o)
 .debug_info    0x0000000000000000      0xa3c /usr/lib/gcc/arm-none-eabi/9.2.1/../../../arm-none-eabi/lib/thumb/v6-m/nofp/libc_nano.a(lib_a-__atexit.o)
 .debug_abbrev  0x0000000000000000      0x261 /usr/lib/gcc/arm-none-eabi/9.2.1/../../../arm-none-eabi/lib/thumb/v6-m/nofp/libc_nano.a(lib_a-__atexit.o)
 .debug_loc     0x0000000000000000      0x1db /usr/lib/gcc/arm-none-eabi/9.2.1/../../../arm-none-eabi/lib/thumb/v6-m/nofp/libc_nano.a(lib_a-__atexit.o)
 .debug_aranges
                0x0000000000000000       0x20 /usr/lib/gcc/arm-none-eabi/9.2.1/../../../arm-none-eabi/lib/thumb/v6-m/nofp/libc_nano.a(lib_a-__atexit.o)
 .debug_line    0x0000000000000000      0x247 /usr/lib/gcc/arm-none-eabi/9.2.1/../../../arm-none-eabi/lib/thumb/v6-m/nofp/libc_nano.a(lib_a-__atexit.o)
 .debug_str     0x0000000000000000      0x679 /usr/lib/gcc/arm-none-eabi/9.2.1/../../../arm-none-eabi/lib/thumb/v6-m/nofp/libc_nano.a(lib_a-__atexit.o)
 .comment       0x0000000000000000       0x4f /usr/lib/gcc/arm-none-eabi/9.2.1/../../../arm-none-eabi/lib/thumb/v6-m/nofp/libc_nano.a(lib_a-__atexit.o)
 .debug_frame   0x0000000000000000       0x3c /usr/lib/gcc/arm-none-eabi/9.2.1/../../../arm-none-eabi/lib/thumb/v6-m/nofp/libc_nano.a(lib_a-__atexit.o)
 .ARM.attributes
                0x0000000000000000       0x2c /usr/lib/gcc/arm-none-eabi/9.2.1/../../../arm-none-eabi/lib/thumb/v6-m/nofp/libc_nano.a(lib_a-__atexit.o)
 .text          0x0000000000000000       0xbc /usr/lib/gcc/arm-none-eabi/9.2.1/../../../arm-none-eabi/lib/thumb/v6-m/nofp/libc_nano.a(lib_a-__call_atexit.o)
 .data          0x0000000000000000        0x0 /usr/lib/gcc/arm-none-eabi/9.2.1/../../../arm-none-eabi/lib/thumb/v6-m/nofp/libc_nano.a(lib_a-__call_atexit.o)
 .bss           0x0000000000000000        0x4 /usr/lib/gcc/arm-none-eabi/9.2.1/../../../arm-none-eabi/lib/thumb/v6-m/nofp/libc_nano.a(lib_a-__call_atexit.o)
 .debug_info    0x0000000000000000      0xa10 /usr/lib/gcc/arm-none-eabi/9.2.1/../../../arm-none-eabi/lib/thumb/v6-m/nofp/libc_nano.a(lib_a-__call_atexit.o)
 .debug_abbrev  0x0000000000000000      0x237 /usr/lib/gcc/arm-none-eabi/9.2.1/../../../arm-none-eabi/lib/thumb/v6-m/nofp/libc_nano.a(lib_a-__call_atexit.o)
 .debug_loc     0x0000000000000000      0x165 /usr/lib/gcc/arm-none-eabi/9.2.1/../../../arm-none-eabi/lib/thumb/v6-m/nofp/libc_nano.a(lib_a-__call_atexit.o)
 .debug_aranges
                0x0000000000000000       0x20 /usr/lib/gcc/arm-none-eabi/9.2.1/../../../arm-none-eabi/lib/thumb/v6-m/nofp/libc_nano.a(lib_a-__call_atexit.o)
 .debug_ranges  0x0000000000000000       0x20 /usr/lib/gcc/arm-none-eabi/9.2.1/../../../arm-none-eabi/lib/thumb/v6-m/nofp/libc_nano.a(lib_a-__call_atexit.o)
 .debug_line    0x0000000000000000      0x242 /usr/lib/gcc/arm-none-eabi/9.2.1/../../../arm-none-eabi/lib/thumb/v6-m/nofp/libc_nano.a(lib_a-__call_atexit.o)
 .debug_str     0x0000000000000000      0x624 /usr/lib/gcc/arm-none-eabi/9.2.1/../../../arm-none-eabi/lib/thumb/v6-m/nofp/libc_nano.a(lib_a-__call_atexit.o)
 .comment       0x0000000000000000       0x4f /usr/lib/gcc/arm-none-eabi/9.2.1/../../../arm-none-eabi/lib/thumb/v6-m/nofp/libc_nano.a(lib_a-__call_atexit.o)
 .debug_frame   0x0000000000000000       0x3c /usr/lib/gcc/arm-none-eabi/9.2.1/../../../arm-none-eabi/lib/thumb/v6-m/nofp/libc_nano.a(lib_a-__call_atexit.o)
 .ARM.attributes
                0x0000000000000000       0x2c /usr/lib/gcc/arm-none-eabi/9.2.1/../../../arm-none-eabi/lib/thumb/v6-m/nofp/libc_nano.a(lib_a-__call_atexit.o)
 .data          0x0000000000000000        0x0 /usr/lib/gcc/arm-none-eabi/9.2.1/thumb/v6-m/nofp/libgcc.a(_thumb1_case_uqi.o)
 .bss           0x0000000000000000        0x0 /usr/lib/gcc/arm-none-eabi/9.2.1/thumb/v6-m/nofp/libgcc.a(_thumb1_case_uqi.o)
 .data          0x0000000000000000        0x0 /usr/lib/gcc/arm-none-eabi/9.2.1/thumb/v6-m/nofp/libgcc.a(_udivsi3.o)
 .bss           0x0000000000000000        0x0 /usr/lib/gcc/arm-none-eabi/9.2.1/thumb/v6-m/nofp/libgcc.a(_udivsi3.o)
 .text          0x0000000000000000      0x1d4 /usr/lib/gcc/arm-none-eabi/9.2.1/thumb/v6-m/nofp/libgcc.a(_divsi3.o)
 .data          0x0000000000000000        0x0 /usr/lib/gcc/arm-none-eabi/9.2.1/thumb/v6-m/nofp/libgcc.a(_divsi3.o)
 .bss           0x0000000000000000        0x0 /usr/lib/gcc/arm-none-eabi/9.2.1/thumb/v6-m/nofp/libgcc.a(_divsi3.o)
 .debug_frame   0x0000000000000000       0x20 /usr/lib/gcc/arm-none-eabi/9.2.1/thumb/v6-m/nofp/libgcc.a(_divsi3.o)
 .debug_line    0x0000000000000000       0x73 /usr/lib/gcc/arm-none-eabi/9.2.1/thumb/v6-m/nofp/libgcc.a(_divsi3.o)
 .debug_info    0x0000000000000000       0x26 /usr/lib/gcc/arm-none-eabi/9.2.1/thumb/v6-m/nofp/libgcc.a(_divsi3.o)
 .debug_abbrev  0x0000000000000000       0x14 /usr/lib/gcc/arm-none-eabi/9.2.1/thumb/v6-m/nofp/libgcc.a(_divsi3.o)
 .debug_aranges
                0x0000000000000000       0x20 /usr/lib/gcc/arm-none-eabi/9.2.1/thumb/v6-m/nofp/libgcc.a(_divsi3.o)
 .debug_str     0x0000000000000000       0xa3 /usr/lib/gcc/arm-none-eabi/9.2.1/thumb/v6-m/nofp/libgcc.a(_divsi3.o)
 .ARM.attributes
                0x0000000000000000       0x1e /usr/lib/gcc/arm-none-eabi/9.2.1/thumb/v6-m/nofp/libgcc.a(_divsi3.o)
 .data          0x0000000000000000        0x0 /usr/lib/gcc/arm-none-eabi/9.2.1/thumb/v6-m/nofp/libgcc.a(_dvmd_tls.o)
 .bss           0x0000000000000000        0x0 /usr/lib/gcc/arm-none-eabi/9.2.1/thumb/v6-m/nofp/libgcc.a(_dvmd_tls.o)
 .text          0x0000000000000000        0x4 /usr/lib/gcc/arm-none-eabi/9.2.1/../../../arm-none-eabi/lib/thumb/v6-m/nofp/libnosys.a(_exit.o)
 .data          0x0000000000000000        0x0 /usr/lib/gcc/arm-none-eabi/9.2.1/../../../arm-none-eabi/lib/thumb/v6-m/nofp/libnosys.a(_exit.o)
 .bss           0x0000000000000000        0x0 /usr/lib/gcc/arm-none-eabi/9.2.1/../../../arm-none-eabi/lib/thumb/v6-m/nofp/libnosys.a(_exit.o)
 .debug_info    0x0000000000000000       0xa3 /usr/lib/gcc/arm-none-eabi/9.2.1/../../../arm-none-eabi/lib/thumb/v6-m/nofp/libnosys.a(_exit.o)
 .debug_abbrev  0x0000000000000000       0x6a /usr/lib/gcc/arm-none-eabi/9.2.1/../../../arm-none-eabi/lib/thumb/v6-m/nofp/libnosys.a(_exit.o)
 .debug_loc     0x0000000000000000       0x15 /usr/lib/gcc/arm-none-eabi/9.2.1/../../../arm-none-eabi/lib/thumb/v6-m/nofp/libnosys.a(_exit.o)
 .debug_aranges
                0x0000000000000000       0x20 /usr/lib/gcc/arm-none-eabi/9.2.1/../../../arm-none-eabi/lib/thumb/v6-m/nofp/libnosys.a(_exit.o)
 .debug_line    0x0000000000000000       0x6e /usr/lib/gcc/arm-none-eabi/9.2.1/../../../arm-none-eabi/lib/thumb/v6-m/nofp/libnosys.a(_exit.o)
 .debug_str     0x0000000000000000      0x198 /usr/lib/gcc/arm-none-eabi/9.2.1/../../../arm-none-eabi/lib/thumb/v6-m/nofp/libnosys.a(_exit.o)
 .comment       0x0000000000000000       0x4f /usr/lib/gcc/arm-none-eabi/9.2.1/../../../arm-none-eabi/lib/thumb/v6-m/nofp/libnosys.a(_exit.o)
 .debug_frame   0x0000000000000000       0x20 /usr/lib/gcc/arm-none-eabi/9.2.1/../../../arm-none-eabi/lib/thumb/v6-m/nofp/libnosys.a(_exit.o)
 .ARM.attributes
                0x0000000000000000       0x2c /usr/lib/gcc/arm-none-eabi/9.2.1/../../../arm-none-eabi/lib/thumb/v6-m/nofp/libnosys.a(_exit.o)
 .text          0x0000000000000000        0x0 /usr/lib/gcc/arm-none-eabi/9.2.1/thumb/v6-m/nofp/crtend.o
 .data          0x0000000000000000        0x0 /usr/lib/gcc/arm-none-eabi/9.2.1/thumb/v6-m/nofp/crtend.o
 .bss           0x0000000000000000        0x0 /usr/lib/gcc/arm-none-eabi/9.2.1/thumb/v6-m/nofp/crtend.o
 .eh_frame      0x0000000000000000        0x4 /usr/lib/gcc/arm-none-eabi/9.2.1/thumb/v6-m/nofp/crtend.o
 .text          0x0000000000000000        0x0 /usr/lib/gcc/arm-none-eabi/9.2.1/thumb/v6-m/nofp/crtn.o
 .data          0x0000000000000000        0x0 /usr/lib/gcc/arm-none-eabi/9.2.1/thumb/v6-m/nofp/crtn.o
 .bss           0x0000000000000000        0x0 /usr/lib/gcc/arm-none-eabi/9.2.1/thumb/v6-m/nofp/crtn.o

Memory Configuration

Name             Origin             Length             Attributes
RAM              0x0000000020000000 0x0000000000001000 xrw
FLASH            0x0000000008000000 0x0000000000008000 xr
*default*        0x0000000000000000 0xffffffffffffffff

Linker script and memory map

LOAD /usr/lib/gcc/arm-none-eabi/9.2.1/thumb/v6-m/nofp/crti.o
LOAD /usr/lib/gcc/arm-none-eabi/9.2.1/thumb/v6-m/nofp/crtbegin.o
LOAD /usr/lib/gcc/arm-none-eabi/9.2.1/../../../arm-none-eabi/lib/thumb/v6-m/nofp/crt0.o
LOAD build/main.o
LOAD build/startup_stm32f030x6.o
LOAD /usr/lib/gcc/arm-none-eabi/9.2.1/../../../arm-none-eabi/lib/thumb/v6-m/nofp/libnosys.a
LOAD /usr/lib/gcc/arm-none-eabi/9.2.1/../../../arm-none-eabi/lib/thumb/v6-m/nofp/libstdc++_nano.a
LOAD /usr/lib/gcc/arm-none-eabi/9.2.1/../../../arm-none-eabi/lib/thumb/v6-m/nofp/libm.a
LOAD /usr/lib/gcc/arm-none-eabi/9.2.1/../../../arm-none-eabi/lib/thumb/v6-m/nofp/libc_nano.a
START GROUP
LOAD /usr/lib/gcc/arm-none-eabi/9.2.1/thumb/v6-m/nofp/libgcc.a
LOAD /usr/lib/gcc/arm-none-eabi/9.2.1/../../../arm-none-eabi/lib/thumb/v6-m/nofp/libc_nano.a
END GROUP
START GROUP
LOAD /usr/lib/gcc/arm-none-eabi/9.2.1/thumb/v6-m/nofp/libgcc.a
LOAD /usr/lib/gcc/arm-none-eabi/9.2.1/../../../arm-none-eabi/lib/thumb/v6-m/nofp/libc_nano.a
LOAD /usr/lib/gcc/arm-none-eabi/9.2.1/../../../arm-none-eabi/lib/thumb/v6-m/nofp/libnosys.a
END GROUP
START GROUP
LOAD /usr/lib/gcc/arm-none-eabi/9.2.1/thumb/v6-m/nofp/libgcc.a
LOAD /usr/lib/gcc/arm-none-eabi/9.2.1/../../../arm-none-eabi/lib/thumb/v6-m/nofp/libc_nano.a
LOAD /usr/lib/gcc/arm-none-eabi/9.2.1/../../../arm-none-eabi/lib/thumb/v6-m/nofp/libnosys.a
END GROUP
LOAD /usr/lib/gcc/arm-none-eabi/9.2.1/thumb/v6-m/nofp/crtend.o
LOAD /usr/lib/gcc/arm-none-eabi/9.2.1/thumb/v6-m/nofp/crtn.o
                0x0000000020001000                _estack = 0x20001000
                0x0000000000000200                _Min_Heap_Size = 0x200
                0x0000000000000400                _Min_Stack_Size = 0x400

.isr_vector     0x0000000008000000       0xc0
                0x0000000008000000                . = ALIGN (0x4)
 *(.isr_vector)
 .isr_vector    0x0000000008000000       0xc0 build/startup_stm32f030x6.o
                0x0000000008000000                g_pfnVectors
                0x00000000080000c0                . = ALIGN (0x4)

.text           0x00000000080000c0     0x1064
                0x00000000080000c0                . = ALIGN (0x4)
 *(.text)
 .text          0x00000000080000c0       0x98 /usr/lib/gcc/arm-none-eabi/9.2.1/thumb/v6-m/nofp/crtbegin.o
 .text          0x0000000008000158       0x44 /usr/lib/gcc/arm-none-eabi/9.2.1/../../../arm-none-eabi/lib/thumb/v6-m/nofp/libc_nano.a(lib_a-init.o)
                0x0000000008000158                __libc_init_array
 .text          0x000000000800019c       0xa8 /usr/lib/gcc/arm-none-eabi/9.2.1/../../../arm-none-eabi/lib/thumb/v6-m/nofp/libc_nano.a(lib_a-memset.o)
                0x000000000800019c                memset
 .text          0x0000000008000244       0x14 /usr/lib/gcc/arm-none-eabi/9.2.1/thumb/v6-m/nofp/libgcc.a(_thumb1_case_uqi.o)
                0x0000000008000244                __gnu_thumb1_case_uqi
 .text          0x0000000008000258      0x114 /usr/lib/gcc/arm-none-eabi/9.2.1/thumb/v6-m/nofp/libgcc.a(_udivsi3.o)
                0x0000000008000258                __udivsi3
                0x0000000008000258                __aeabi_uidiv
                0x0000000008000364                __aeabi_uidivmod
 .text          0x000000000800036c        0x4 /usr/lib/gcc/arm-none-eabi/9.2.1/thumb/v6-m/nofp/libgcc.a(_dvmd_tls.o)
                0x000000000800036c                __aeabi_ldiv0
                0x000000000800036c                __aeabi_idiv0
 *(.text*)
 .text.NVIC_EnableIRQ
                0x0000000008000370       0x14 build/main.o
 .text._ZN12Modbus_slaveI7In_regs8Out_regsLj0EE6notifyEv
                0x0000000008000384        0x8 build/main.o
                0x0000000008000384                Modbus_slave<In_regs, Out_regs, 0u>::notify()
 .text._ZN9Interrupt9interruptEv.isra.0
                0x000000000800038c       0x16 build/main.o
 .text._ZN3Pin6is_setEv
                0x00000000080003a2       0x16 build/main.o
                0x00000000080003a2                Pin::is_set()
 .text._ZN3PinaSEb
                0x00000000080003b8       0x16 build/main.o
                0x00000000080003b8                Pin::operator=(bool)
 .text._ZN9Publisher6notifyEv
                0x00000000080003ce       0x16 build/main.o
                0x00000000080003ce                Publisher::notify()
 .text._ZN11TickUpdater9interruptEv
                0x00000000080003e4       0x22 build/main.o
                0x00000000080003e4                TickUpdater::interrupt()
 *fill*         0x0000000008000406        0x2 
 .text.SysTick_Handler
                0x0000000008000408       0x10 build/main.o
                0x0000000008000408                SysTick_Handler
 .text._ZN14TickSubscriber16tick_unsubscribeEv
                0x0000000008000418       0x40 build/main.o
                0x0000000008000418                TickSubscriber::tick_unsubscribe()
 .text._ZN14TickSubscriber14tick_subscribeEv
                0x0000000008000458       0x28 build/main.o
                0x0000000008000458                TickSubscriber::tick_subscribe()
 .text._ZN12Modbus_slaveI7In_regs8Out_regsLj0EE14uart_interrupt9interruptEv
                0x0000000008000480       0x30 build/main.o
                0x0000000008000480                Modbus_slave<In_regs, Out_regs, 0u>::uart_interrupt::interrupt()
 .text._ZN3mcu5USART3setENS0_8BaudrateENS_6PeriphE
                0x00000000080004b0       0x88 build/main.o
                0x00000000080004b0                mcu::USART::set(mcu::USART::Baudrate, mcu::Periph)
 .text._ZN3mcu3DMA30is_transfer_complete_interruptENS0_7ChannelE
                0x0000000008000538       0x16 build/main.o
                0x0000000008000538                mcu::DMA::is_transfer_complete_interrupt(mcu::DMA::Channel)
 *fill*         0x000000000800054e        0x2 
 .text.DMA1_Channel1_IRQHandler
                0x0000000008000550       0x1c build/main.o
                0x0000000008000550                DMA1_Channel1_IRQHandler
 .text.DMA1_Channel2_3_IRQHandler
                0x000000000800056c       0x2c build/main.o
                0x000000000800056c                DMA1_Channel2_3_IRQHandler
 .text.DMA1_Channel4_5_IRQHandler
                0x0000000008000598        0x2 build/main.o
                0x0000000008000598                DMA1_Channel4_5_IRQHandler
 *fill*         0x000000000800059a        0x2 
 .text.TIM1_BRK_UP_TRG_COM_IRQHandler
                0x000000000800059c       0x20 build/main.o
                0x000000000800059c                TIM1_BRK_UP_TRG_COM_IRQHandler
 .text.TIM1_CC_IRQHandler
                0x00000000080005bc        0x8 build/main.o
                0x00000000080005bc                TIM1_CC_IRQHandler
 .text.TIM3_IRQHandler
                0x00000000080005c4       0x20 build/main.o
                0x00000000080005c4                TIM3_IRQHandler
 .text.TIM14_IRQHandler
                0x00000000080005e4        0x2 build/main.o
                0x00000000080005e4                TIM14_IRQHandler
 .text.TIM16_IRQHandler
                0x00000000080005e6        0x2 build/main.o
                0x00000000080005e6                TIM16_IRQHandler
 .text.TIM17_IRQHandler
                0x00000000080005e8        0x2 build/main.o
                0x00000000080005e8                TIM17_IRQHandler
 *fill*         0x00000000080005ea        0x2 
 .text.USART1_IRQHandler
                0x00000000080005ec       0x1c build/main.o
                0x00000000080005ec                USART1_IRQHandler
 .text.init_clock
                0x0000000008000608       0x68 build/main.o
                0x0000000008000608                init_clock
 .text._ZN10UART_sizedILj255EE4makeILN3mcu6PeriphE6ENS2_4Pin_ILS3_1ELi2EEENS4_ILS3_1ELi3EEENS4_ILS3_2ELi1EEEEERDav
                0x0000000008000670      0x1f4 build/main.o
                0x0000000008000670                auto& UART_sized<255u>::make<(mcu::Periph)6, mcu::Pin_<(mcu::Periph)1, 2>, mcu::Pin_<(mcu::Periph)1, 3>, mcu::Pin_<(mcu::Periph)2, 1> >()
 .text._ZN10UART_sizedILj255EE7receiveEv
                0x0000000008000864       0x44 build/main.o
                0x0000000008000864                UART_sized<255u>::receive()
 .text._ZN12Modbus_slaveI7In_regs8Out_regsLj0EE13dma_interrupt9interruptEv
                0x00000000080008a8       0x1c build/main.o
                0x00000000080008a8                Modbus_slave<In_regs, Out_regs, 0u>::dma_interrupt::interrupt()
 .text._Z5CRC16IPhEDaT_S1_
                0x00000000080008c4       0x28 build/main.o
                0x00000000080008c4                auto CRC16<unsigned char*>(unsigned char*, unsigned char*)
 .text._ZN10Net_bufferILj255EE9pop_frontEv
                0x00000000080008ec       0x1a build/main.o
                0x00000000080008ec                Net_buffer<255u>::pop_front()
 .text._ZN10Net_bufferILj255EElsEh
                0x0000000008000906       0x14 build/main.o
                0x0000000008000906                Net_buffer<255u>::operator<<(unsigned char)
 .text._ZN10Net_bufferILj255EElsEt
                0x000000000800091a       0x16 build/main.o
                0x000000000800091a                Net_buffer<255u>::operator<<(unsigned short)
 .text._ZN10UART_sizedILj255EE8transmitEv
                0x0000000008000930       0x46 build/main.o
                0x0000000008000930                UART_sized<255u>::transmit()
 .text._ZN12Modbus_slaveI7In_regs8Out_regsLj0EE12answer_errorE17Modbus_error_code
                0x0000000008000976       0x68 build/main.o
                0x0000000008000976                Modbus_slave<In_regs, Out_regs, 0u>::answer_error(Modbus_error_code)
 .text._ZN10Net_bufferILj255EErsERt
                0x00000000080009de       0x32 build/main.o
                0x00000000080009de                Net_buffer<255u>::operator>>(unsigned short&)
 .text._ZN12Modbus_slaveI7In_regs8Out_regsLj0EE10check_regsEt
                0x0000000008000a10       0x34 build/main.o
                0x0000000008000a10                Modbus_slave<In_regs, Out_regs, 0u>::check_regs(unsigned short)
 .text._ZN12Modbus_slaveI7In_regs8Out_regsLj0EE9answer_05Ev
                0x0000000008000a44       0x18 build/main.o
                0x0000000008000a44                Modbus_slave<In_regs, Out_regs, 0u>::answer_05()
 .text.startup.main
                0x0000000008000a5c      0x5ac build/main.o
                0x0000000008000a5c                main
 .text.startup._GLOBAL__sub_I_tickUpdater
                0x0000000008001008       0xb0 build/main.o
 .text.Reset_Handler
                0x00000000080010b8       0x50 build/startup_stm32f030x6.o
                0x00000000080010b8                Reset_Handler
 .text.Default_Handler
                0x0000000008001108        0x2 build/startup_stm32f030x6.o
                0x0000000008001108                HardFault_Handler
                0x0000000008001108                PendSV_Handler
                0x0000000008001108                NMI_Handler
                0x0000000008001108                I2C1_IRQHandler
                0x0000000008001108                SPI1_IRQHandler
                0x0000000008001108                EXTI2_3_IRQHandler
                0x0000000008001108                ADC1_IRQHandler
                0x0000000008001108                RTC_IRQHandler
                0x0000000008001108                EXTI4_15_IRQHandler
                0x0000000008001108                RCC_IRQHandler
                0x0000000008001108                Default_Handler
                0x0000000008001108                EXTI0_1_IRQHandler
                0x0000000008001108                SVC_Handler
                0x0000000008001108                WWDG_IRQHandler
                0x0000000008001108                FLASH_IRQHandler
 *(.glue_7)
 .glue_7        0x000000000800110a        0x0 linker stubs
 *(.glue_7t)
 .glue_7t       0x000000000800110a        0x0 linker stubs
 *(.eh_frame)
 *fill*         0x000000000800110a        0x2 
 .eh_frame      0x000000000800110c        0x0 /usr/lib/gcc/arm-none-eabi/9.2.1/thumb/v6-m/nofp/crtbegin.o
 *(.init)
 .init          0x000000000800110c        0x4 /usr/lib/gcc/arm-none-eabi/9.2.1/thumb/v6-m/nofp/crti.o
                0x000000000800110c                _init
 .init          0x0000000008001110        0x8 /usr/lib/gcc/arm-none-eabi/9.2.1/thumb/v6-m/nofp/crtn.o
 *(.fini)
 .fini          0x0000000008001118        0x4 /usr/lib/gcc/arm-none-eabi/9.2.1/thumb/v6-m/nofp/crti.o
                0x0000000008001118                _fini
 .fini          0x000000000800111c        0x8 /usr/lib/gcc/arm-none-eabi/9.2.1/thumb/v6-m/nofp/crtn.o
                0x0000000008001124                . = ALIGN (0x4)
                0x0000000008001124                _etext = .

.vfp11_veneer   0x0000000008001124        0x0
 .vfp11_veneer  0x0000000008001124        0x0 linker stubs

.v4_bx          0x0000000008001124        0x0
 .v4_bx         0x0000000008001124        0x0 linker stubs

.iplt           0x0000000008001124        0x0
 .iplt          0x0000000008001124        0x0 /usr/lib/gcc/arm-none-eabi/9.2.1/thumb/v6-m/nofp/crtbegin.o

.rodata         0x0000000008001124      0x224
                0x0000000008001124                . = ALIGN (0x4)
 *(.rodata)
 *(.rodata*)
 .rodata._ZTVN12Modbus_slaveI7In_regs8Out_regsLj0EE14uart_interruptE
                0x0000000008001124        0xc build/main.o
                0x0000000008001124                vtable for Modbus_slave<In_regs, Out_regs, 0u>::uart_interrupt
 .rodata._ZTVN12Modbus_slaveI7In_regs8Out_regsLj0EE13dma_interruptE
                0x0000000008001130        0xc build/main.o
                0x0000000008001130                vtable for Modbus_slave<In_regs, Out_regs, 0u>::dma_interrupt
 .rodata._ZTV12Modbus_slaveI7In_regs8Out_regsLj0EE
                0x000000000800113c        0xc build/main.o
                0x000000000800113c                vtable for Modbus_slave<In_regs, Out_regs, 0u>
 .rodata._ZL13crc_low_table
                0x0000000008001148      0x100 build/main.o
 .rodata._ZL14crc_high_table
                0x0000000008001248      0x100 build/main.o
                0x0000000008001348                . = ALIGN (0x4)

.rel.dyn        0x0000000008001348        0x0
 .rel.iplt      0x0000000008001348        0x0 /usr/lib/gcc/arm-none-eabi/9.2.1/thumb/v6-m/nofp/crtbegin.o

.ARM.extab
 *(.ARM.extab* .gnu.linkonce.armextab.*)

.ARM            0x0000000008001348        0x0
                0x0000000008001348                __exidx_start = .
 *(.ARM.exidx*)
                0x0000000008001348                __exidx_end = .

.preinit_array  0x0000000008001348        0x0
                0x0000000008001348                PROVIDE (__preinit_array_start = .)
 *(.preinit_array*)
                0x0000000008001348                PROVIDE (__preinit_array_end = .)

.init_array     0x0000000008001348        0x8
                0x0000000008001348                PROVIDE (__init_array_start = .)
 *(SORT_BY_NAME(.init_array.*))
 *(.init_array*)
 .init_array    0x0000000008001348        0x4 /usr/lib/gcc/arm-none-eabi/9.2.1/thumb/v6-m/nofp/crtbegin.o
 .init_array    0x000000000800134c        0x4 build/main.o
                0x0000000008001350                PROVIDE (__init_array_end = .)

.fini_array     0x0000000008001350        0x4
                0x0000000008001350                PROVIDE (__fini_array_start = .)
 *(SORT_BY_NAME(.fini_array.*))
 *(.fini_array*)
 .fini_array    0x0000000008001350        0x4 /usr/lib/gcc/arm-none-eabi/9.2.1/thumb/v6-m/nofp/crtbegin.o
                0x0000000008001354                PROVIDE (__fini_array_end = .)
                0x0000000008001354                _sidata = LOADADDR (.data)

.data           0x0000000020000000        0x0 load address 0x0000000008001354
                0x0000000020000000                . = ALIGN (0x4)
                0x0000000020000000                _sdata = .
 *(.data)
 *(.data*)
                0x0000000020000000                . = ALIGN (0x4)
                0x0000000020000000                _edata = .

.tm_clone_table
                0x0000000020000000        0x0 load address 0x0000000008001354
 .tm_clone_table
                0x0000000020000000        0x0 /usr/lib/gcc/arm-none-eabi/9.2.1/thumb/v6-m/nofp/crtbegin.o
 .tm_clone_table
                0x0000000020000000        0x0 /usr/lib/gcc/arm-none-eabi/9.2.1/thumb/v6-m/nofp/crtend.o

.igot.plt       0x0000000020000000        0x0 load address 0x0000000008001354
 .igot.plt      0x0000000020000000        0x0 /usr/lib/gcc/arm-none-eabi/9.2.1/thumb/v6-m/nofp/crtbegin.o
                0x0000000020000000                . = ALIGN (0x4)

.bss            0x0000000020000000      0x29c load address 0x0000000008001354
                0x0000000020000000                _sbss = .
                0x0000000020000000                __bss_start__ = _sbss
 *(.bss)
 .bss           0x0000000020000000       0x1c /usr/lib/gcc/arm-none-eabi/9.2.1/thumb/v6-m/nofp/crtbegin.o
 *(.bss*)
 .bss._ZGVZN3Pin4makeIN3mcu4Pin_ILNS1_6PeriphE1ELi6EEELNS1_7PinModeE1EEERDavE3pin
                0x000000002000001c        0x4 build/main.o
                0x000000002000001c                guard variable for Pin::make<mcu::Pin_<(mcu::Periph)1, 6>, (mcu::PinMode)1>()::pin
 .bss._ZZN3Pin4makeIN3mcu4Pin_ILNS1_6PeriphE1ELi6EEELNS1_7PinModeE1EEERDavE3pin
                0x0000000020000020        0x8 build/main.o
                0x0000000020000020                Pin::make<mcu::Pin_<(mcu::Periph)1, 6>, (mcu::PinMode)1>()::pin
 .bss._ZGVZN3Pin4makeIN3mcu4Pin_ILNS1_6PeriphE1ELi7EEELNS1_7PinModeE1EEERDavE3pin
                0x0000000020000028        0x4 build/main.o
                0x0000000020000028                guard variable for Pin::make<mcu::Pin_<(mcu::Periph)1, 7>, (mcu::PinMode)1>()::pin
 .bss._ZZN3Pin4makeIN3mcu4Pin_ILNS1_6PeriphE1ELi7EEELNS1_7PinModeE1EEERDavE3pin
                0x000000002000002c        0x8 build/main.o
                0x000000002000002c                Pin::make<mcu::Pin_<(mcu::Periph)1, 7>, (mcu::PinMode)1>()::pin
 .bss._ZGVZN3Pin4makeIN3mcu4Pin_ILNS1_6PeriphE2ELi0EEELNS1_7PinModeE1EEERDavE3pin
                0x0000000020000034        0x4 build/main.o
                0x0000000020000034                guard variable for Pin::make<mcu::Pin_<(mcu::Periph)2, 0>, (mcu::PinMode)1>()::pin
 .bss._ZZN3Pin4makeIN3mcu4Pin_ILNS1_6PeriphE2ELi0EEELNS1_7PinModeE1EEERDavE3pin
                0x0000000020000038        0x8 build/main.o
                0x0000000020000038                Pin::make<mcu::Pin_<(mcu::Periph)2, 0>, (mcu::PinMode)1>()::pin
 .bss._ZGVZN3Pin4makeIN3mcu4Pin_ILNS1_6PeriphE2ELi15EEELNS1_7PinModeE0EEERDavE3pin
                0x0000000020000040        0x4 build/main.o
                0x0000000020000040                guard variable for Pin::make<mcu::Pin_<(mcu::Periph)2, 15>, (mcu::PinMode)0>()::pin
 .bss._ZZN3Pin4makeIN3mcu4Pin_ILNS1_6PeriphE2ELi15EEELNS1_7PinModeE0EEERDavE3pin
                0x0000000020000044        0x8 build/main.o
                0x0000000020000044                Pin::make<mcu::Pin_<(mcu::Periph)2, 15>, (mcu::PinMode)0>()::pin
 .bss._ZGVZN3Pin4makeIN3mcu4Pin_ILNS1_6PeriphE1ELi8EEELNS1_7PinModeE0EEERDavE3pin
                0x000000002000004c        0x4 build/main.o
                0x000000002000004c                guard variable for Pin::make<mcu::Pin_<(mcu::Periph)1, 8>, (mcu::PinMode)0>()::pin
 .bss._ZZN3Pin4makeIN3mcu4Pin_ILNS1_6PeriphE1ELi8EEELNS1_7PinModeE0EEERDavE3pin
                0x0000000020000050        0x8 build/main.o
                0x0000000020000050                Pin::make<mcu::Pin_<(mcu::Periph)1, 8>, (mcu::PinMode)0>()::pin
 .bss._ZGVZN3Pin4makeIN3mcu4Pin_ILNS1_6PeriphE1ELi9EEELNS1_7PinModeE0EEERDavE3pin
                0x0000000020000058        0x4 build/main.o
                0x0000000020000058                guard variable for Pin::make<mcu::Pin_<(mcu::Periph)1, 9>, (mcu::PinMode)0>()::pin
 .bss._ZZN3Pin4makeIN3mcu4Pin_ILNS1_6PeriphE1ELi9EEELNS1_7PinModeE0EEERDavE3pin
                0x000000002000005c        0x8 build/main.o
                0x000000002000005c                Pin::make<mcu::Pin_<(mcu::Periph)1, 9>, (mcu::PinMode)0>()::pin
 .bss._ZGVZN12Modbus_slaveI7In_regs8Out_regsLj0EE4makeILN3mcu6PeriphE6ENS4_4Pin_ILS5_1ELi2EEENS6_ILS5_1ELi3EEENS6_ILS5_2ELi1EEEEERDahN10UART_sizedILj255EE8SettingsEE6modbus
                0x0000000020000064        0x4 build/main.o
                0x0000000020000064                guard variable for Modbus_slave<In_regs, Out_regs, 0u>::make<(mcu::Periph)6, mcu::Pin_<(mcu::Periph)1, 2>, mcu::Pin_<(mcu::Periph)1, 3>, mcu::Pin_<(mcu::Periph)2, 1> >(unsigned char, UART_sized<255u>::Settings)::modbus
 .bss._ZZN12Modbus_slaveI7In_regs8Out_regsLj0EE4makeILN3mcu6PeriphE6ENS4_4Pin_ILS5_1ELi2EEENS6_ILS5_1ELi3EEENS6_ILS5_2ELi1EEEEERDahN10UART_sizedILj255EE8SettingsEE6modbus
                0x0000000020000068       0x80 build/main.o
                0x0000000020000068                Modbus_slave<In_regs, Out_regs, 0u>::make<(mcu::Periph)6, mcu::Pin_<(mcu::Periph)1, 2>, mcu::Pin_<(mcu::Periph)1, 3>, mcu::Pin_<(mcu::Periph)2, 1> >(unsigned char, UART_sized<255u>::Settings)::modbus
 .bss._ZGVZN10UART_sizedILj255EE4makeILN3mcu6PeriphE6ENS2_4Pin_ILS3_1ELi2EEENS4_ILS3_1ELi3EEENS4_ILS3_2ELi1EEEEERDavE4uart
                0x00000000200000e8        0x4 build/main.o
                0x00000000200000e8                guard variable for UART_sized<255u>::make<(mcu::Periph)6, mcu::Pin_<(mcu::Periph)1, 2>, mcu::Pin_<(mcu::Periph)1, 3>, mcu::Pin_<(mcu::Periph)2, 1> >()::uart
 .bss._ZZN10UART_sizedILj255EE4makeILN3mcu6PeriphE6ENS2_4Pin_ILS3_1ELi2EEENS4_ILS3_1ELi3EEENS4_ILS3_2ELi1EEEEERDavE4uart
                0x00000000200000ec      0x12c build/main.o
                0x00000000200000ec                UART_sized<255u>::make<(mcu::Periph)6, mcu::Pin_<(mcu::Periph)1, 2>, mcu::Pin_<(mcu::Periph)1, 3>, mcu::Pin_<(mcu::Periph)2, 1> >()::uart
 .bss._ZGVZN3Pin4makeIN3mcu4Pin_ILNS1_6PeriphE2ELi1EEELNS1_7PinModeE1EEERDavE3pin
                0x0000000020000218        0x4 build/main.o
                0x0000000020000218                guard variable for Pin::make<mcu::Pin_<(mcu::Periph)2, 1>, (mcu::PinMode)1>()::pin
 .bss._ZZN3Pin4makeIN3mcu4Pin_ILNS1_6PeriphE2ELi1EEELNS1_7PinModeE1EEERDavE3pin
                0x000000002000021c        0x8 build/main.o
                0x000000002000021c                Pin::make<mcu::Pin_<(mcu::Periph)2, 1>, (mcu::PinMode)1>()::pin
 .bss._ZGVZN3Pin4makeIN3mcu4Pin_ILNS1_6PeriphE1ELi3EEELNS1_7PinModeE4EEERDavE3pin
                0x0000000020000224        0x4 build/main.o
                0x0000000020000224                guard variable for Pin::make<mcu::Pin_<(mcu::Periph)1, 3>, (mcu::PinMode)4>()::pin
 .bss._ZZN3Pin4makeIN3mcu4Pin_ILNS1_6PeriphE1ELi3EEELNS1_7PinModeE4EEERDavE3pin
                0x0000000020000228        0x8 build/main.o
                0x0000000020000228                Pin::make<mcu::Pin_<(mcu::Periph)1, 3>, (mcu::PinMode)4>()::pin
 .bss._ZGVZN3Pin4makeIN3mcu4Pin_ILNS1_6PeriphE1ELi2EEELNS1_7PinModeE4EEERDavE3pin
                0x0000000020000230        0x4 build/main.o
                0x0000000020000230                guard variable for Pin::make<mcu::Pin_<(mcu::Periph)1, 2>, (mcu::PinMode)4>()::pin
 .bss._ZZN3Pin4makeIN3mcu4Pin_ILNS1_6PeriphE1ELi2EEELNS1_7PinModeE4EEERDavE3pin
                0x0000000020000234        0x8 build/main.o
                0x0000000020000234                Pin::make<mcu::Pin_<(mcu::Periph)1, 2>, (mcu::PinMode)4>()::pin
 .bss.interrupt_DMA1_channel1
                0x000000002000023c        0x8 build/main.o
                0x000000002000023c                interrupt_DMA1_channel1
 .bss.interrupt_DMA1_channel2
                0x0000000020000244        0x8 build/main.o
                0x0000000020000244                interrupt_DMA1_channel2
 .bss.interrupt_DMA1_channel3
                0x000000002000024c        0x8 build/main.o
                0x000000002000024c                interrupt_DMA1_channel3
 .bss.interrupt_DMA1_channel4
                0x0000000020000254        0x8 build/main.o
                0x0000000020000254                interrupt_DMA1_channel4
 .bss.interrupt_DMA1_channel5
                0x000000002000025c        0x8 build/main.o
                0x000000002000025c                interrupt_DMA1_channel5
 .bss.interrupt_spi1
                0x0000000020000264        0x8 build/main.o
                0x0000000020000264                interrupt_spi1
 .bss.interrupt_tim1
                0x000000002000026c        0x8 build/main.o
                0x000000002000026c                interrupt_tim1
 .bss.interrupt_tim3
                0x0000000020000274        0x8 build/main.o
                0x0000000020000274                interrupt_tim3
 .bss.interrupt_usart1
                0x000000002000027c        0x8 build/main.o
                0x000000002000027c                interrupt_usart1
 .bss.tickUpdater
                0x0000000020000284       0x18 build/main.o
                0x0000000020000284                tickUpdater
 *(COMMON)
                0x000000002000029c                . = ALIGN (0x4)
                0x000000002000029c                _ebss = .
                0x000000002000029c                __bss_end__ = _ebss

._user_heap_stack
                0x000000002000029c      0x604 load address 0x0000000008001354
                0x00000000200002a0                . = ALIGN (0x8)
 *fill*         0x000000002000029c        0x4 
                [!provide]                        PROVIDE (end = .)
                [!provide]                        PROVIDE (_end = .)
                0x00000000200004a0                . = (. + _Min_Heap_Size)
 *fill*         0x00000000200002a0      0x200 
                0x00000000200008a0                . = (. + _Min_Stack_Size)
 *fill*         0x00000000200004a0      0x400 
                0x00000000200008a0                . = ALIGN (0x8)

/DISCARD/
 libc.a(*)
 libm.a(*)
 libgcc.a(*)

.ARM.attributes
                0x0000000000000000       0x28
 *(.ARM.attributes)
 .ARM.attributes
                0x0000000000000000       0x1e /usr/lib/gcc/arm-none-eabi/9.2.1/thumb/v6-m/nofp/crti.o
 .ARM.attributes
                0x000000000000001e       0x2c /usr/lib/gcc/arm-none-eabi/9.2.1/thumb/v6-m/nofp/crtbegin.o
 .ARM.attributes
                0x000000000000004a       0x2c build/main.o
 .ARM.attributes
                0x0000000000000076       0x21 build/startup_stm32f030x6.o
 .ARM.attributes
                0x0000000000000097       0x2c /usr/lib/gcc/arm-none-eabi/9.2.1/../../../arm-none-eabi/lib/thumb/v6-m/nofp/libc_nano.a(lib_a-init.o)
 .ARM.attributes
                0x00000000000000c3       0x2c /usr/lib/gcc/arm-none-eabi/9.2.1/../../../arm-none-eabi/lib/thumb/v6-m/nofp/libc_nano.a(lib_a-memset.o)
 .ARM.attributes
                0x00000000000000ef       0x1e /usr/lib/gcc/arm-none-eabi/9.2.1/thumb/v6-m/nofp/libgcc.a(_thumb1_case_uqi.o)
 .ARM.attributes
                0x000000000000010d       0x1e /usr/lib/gcc/arm-none-eabi/9.2.1/thumb/v6-m/nofp/libgcc.a(_udivsi3.o)
 .ARM.attributes
                0x000000000000012b       0x1e /usr/lib/gcc/arm-none-eabi/9.2.1/thumb/v6-m/nofp/libgcc.a(_dvmd_tls.o)
 .ARM.attributes
                0x0000000000000149       0x2c /usr/lib/gcc/arm-none-eabi/9.2.1/thumb/v6-m/nofp/crtend.o
 .ARM.attributes
                0x0000000000000175       0x1e /usr/lib/gcc/arm-none-eabi/9.2.1/thumb/v6-m/nofp/crtn.o
OUTPUT(build/EO101_NO470.elf elf32-littlearm)
LOAD linker stubs
LOAD /usr/lib/gcc/arm-none-eabi/9.2.1/../../../arm-none-eabi/lib/thumb/v6-m/nofp/libc.a
LOAD /usr/lib/gcc/arm-none-eabi/9.2.1/../../../arm-none-eabi/lib/thumb/v6-m/nofp/libm.a
LOAD /usr/lib/gcc/arm-none-eabi/9.2.1/thumb/v6-m/nofp/libgcc.a

.comment        0x0000000000000000       0xa7
 .comment       0x0000000000000000       0x59 /usr/lib/gcc/arm-none-eabi/9.2.1/thumb/v6-m/nofp/crtbegin.o
                                         0x5a (size before relaxing)
 .comment       0x0000000000000059       0x5a build/main.o
 .comment       0x0000000000000059       0x4e /usr/lib/gcc/arm-none-eabi/9.2.1/../../../arm-none-eabi/lib/thumb/v6-m/nofp/libc_nano.a(lib_a-init.o)
                                         0x4f (size before relaxing)
 .comment       0x00000000000000a7       0x4f /usr/lib/gcc/arm-none-eabi/9.2.1/../../../arm-none-eabi/lib/thumb/v6-m/nofp/libc_nano.a(lib_a-memset.o)
 .comment       0x00000000000000a7       0x5a /usr/lib/gcc/arm-none-eabi/9.2.1/thumb/v6-m/nofp/crtend.o

.debug_info     0x0000000000000000    0x1bab1
 .debug_info    0x0000000000000000    0x1a9e2 build/main.o
 .debug_info    0x000000000001a9e2       0x22 build/startup_stm32f030x6.o
 .debug_info    0x000000000001aa04      0x11a /usr/lib/gcc/arm-none-eabi/9.2.1/../../../arm-none-eabi/lib/thumb/v6-m/nofp/libc_nano.a(lib_a-init.o)
 .debug_info    0x000000000001ab1e      0xf21 /usr/lib/gcc/arm-none-eabi/9.2.1/../../../arm-none-eabi/lib/thumb/v6-m/nofp/libc_nano.a(lib_a-memset.o)
 .debug_info    0x000000000001ba3f       0x26 /usr/lib/gcc/arm-none-eabi/9.2.1/thumb/v6-m/nofp/libgcc.a(_thumb1_case_uqi.o)
 .debug_info    0x000000000001ba65       0x26 /usr/lib/gcc/arm-none-eabi/9.2.1/thumb/v6-m/nofp/libgcc.a(_udivsi3.o)
 .debug_info    0x000000000001ba8b       0x26 /usr/lib/gcc/arm-none-eabi/9.2.1/thumb/v6-m/nofp/libgcc.a(_dvmd_tls.o)

.debug_abbrev   0x0000000000000000     0x1784
 .debug_abbrev  0x0000000000000000     0x1491 build/main.o
 .debug_abbrev  0x0000000000001491       0x12 build/startup_stm32f030x6.o
 .debug_abbrev  0x00000000000014a3       0xcc /usr/lib/gcc/arm-none-eabi/9.2.1/../../../arm-none-eabi/lib/thumb/v6-m/nofp/libc_nano.a(lib_a-init.o)
 .debug_abbrev  0x000000000000156f      0x1d9 /usr/lib/gcc/arm-none-eabi/9.2.1/../../../arm-none-eabi/lib/thumb/v6-m/nofp/libc_nano.a(lib_a-memset.o)
 .debug_abbrev  0x0000000000001748       0x14 /usr/lib/gcc/arm-none-eabi/9.2.1/thumb/v6-m/nofp/libgcc.a(_thumb1_case_uqi.o)
 .debug_abbrev  0x000000000000175c       0x14 /usr/lib/gcc/arm-none-eabi/9.2.1/thumb/v6-m/nofp/libgcc.a(_udivsi3.o)
 .debug_abbrev  0x0000000000001770       0x14 /usr/lib/gcc/arm-none-eabi/9.2.1/thumb/v6-m/nofp/libgcc.a(_dvmd_tls.o)

.debug_loc      0x0000000000000000     0x3cdd
 .debug_loc     0x0000000000000000     0x3966 build/main.o
 .debug_loc     0x0000000000003966       0x98 /usr/lib/gcc/arm-none-eabi/9.2.1/../../../arm-none-eabi/lib/thumb/v6-m/nofp/libc_nano.a(lib_a-init.o)
 .debug_loc     0x00000000000039fe      0x2df /usr/lib/gcc/arm-none-eabi/9.2.1/../../../arm-none-eabi/lib/thumb/v6-m/nofp/libc_nano.a(lib_a-memset.o)

.debug_aranges  0x0000000000000000      0x298
 .debug_aranges
                0x0000000000000000      0x1d0 build/main.o
 .debug_aranges
                0x00000000000001d0       0x28 build/startup_stm32f030x6.o
 .debug_aranges
                0x00000000000001f8       0x20 /usr/lib/gcc/arm-none-eabi/9.2.1/../../../arm-none-eabi/lib/thumb/v6-m/nofp/libc_nano.a(lib_a-init.o)
 .debug_aranges
                0x0000000000000218       0x20 /usr/lib/gcc/arm-none-eabi/9.2.1/../../../arm-none-eabi/lib/thumb/v6-m/nofp/libc_nano.a(lib_a-memset.o)
 .debug_aranges
                0x0000000000000238       0x20 /usr/lib/gcc/arm-none-eabi/9.2.1/thumb/v6-m/nofp/libgcc.a(_thumb1_case_uqi.o)
 .debug_aranges
                0x0000000000000258       0x20 /usr/lib/gcc/arm-none-eabi/9.2.1/thumb/v6-m/nofp/libgcc.a(_udivsi3.o)
 .debug_aranges
                0x0000000000000278       0x20 /usr/lib/gcc/arm-none-eabi/9.2.1/thumb/v6-m/nofp/libgcc.a(_dvmd_tls.o)

.debug_ranges   0x0000000000000000      0xed0
 .debug_ranges  0x0000000000000000      0xeb0 build/main.o
 .debug_ranges  0x0000000000000eb0       0x20 build/startup_stm32f030x6.o

.debug_line     0x0000000000000000     0x2b3c
 .debug_line    0x0000000000000000     0x25fd build/main.o
 .debug_line    0x00000000000025fd       0x8e build/startup_stm32f030x6.o
 .debug_line    0x000000000000268b       0xfc /usr/lib/gcc/arm-none-eabi/9.2.1/../../../arm-none-eabi/lib/thumb/v6-m/nofp/libc_nano.a(lib_a-init.o)
 .debug_line    0x0000000000002787      0x281 /usr/lib/gcc/arm-none-eabi/9.2.1/../../../arm-none-eabi/lib/thumb/v6-m/nofp/libc_nano.a(lib_a-memset.o)
 .debug_line    0x0000000000002a08       0x68 /usr/lib/gcc/arm-none-eabi/9.2.1/thumb/v6-m/nofp/libgcc.a(_thumb1_case_uqi.o)
 .debug_line    0x0000000000002a70       0x6c /usr/lib/gcc/arm-none-eabi/9.2.1/thumb/v6-m/nofp/libgcc.a(_udivsi3.o)
 .debug_line    0x0000000000002adc       0x60 /usr/lib/gcc/arm-none-eabi/9.2.1/thumb/v6-m/nofp/libgcc.a(_dvmd_tls.o)

.debug_str      0x0000000000000000    0x167df
 .debug_str     0x0000000000000000    0x16306 build/main.o
                                      0x169c6 (size before relaxing)
 .debug_str     0x0000000000016306       0x38 build/startup_stm32f030x6.o
                                         0x4e (size before relaxing)
 .debug_str     0x000000000001633e      0x180 /usr/lib/gcc/arm-none-eabi/9.2.1/../../../arm-none-eabi/lib/thumb/v6-m/nofp/libc_nano.a(lib_a-init.o)
                                        0x222 (size before relaxing)
 .debug_str     0x00000000000164be      0x28a /usr/lib/gcc/arm-none-eabi/9.2.1/../../../arm-none-eabi/lib/thumb/v6-m/nofp/libc_nano.a(lib_a-memset.o)
                                        0x908 (size before relaxing)
 .debug_str     0x0000000000016748       0x97 /usr/lib/gcc/arm-none-eabi/9.2.1/thumb/v6-m/nofp/libgcc.a(_thumb1_case_uqi.o)
                                         0xa3 (size before relaxing)
 .debug_str     0x00000000000167df       0xa3 /usr/lib/gcc/arm-none-eabi/9.2.1/thumb/v6-m/nofp/libgcc.a(_udivsi3.o)
 .debug_str     0x00000000000167df       0xa3 /usr/lib/gcc/arm-none-eabi/9.2.1/thumb/v6-m/nofp/libgcc.a(_dvmd_tls.o)

.debug_frame    0x0000000000000000      0x520
 .debug_frame   0x0000000000000000      0x4a4 build/main.o
 .debug_frame   0x00000000000004a4       0x2c /usr/lib/gcc/arm-none-eabi/9.2.1/../../../arm-none-eabi/lib/thumb/v6-m/nofp/libc_nano.a(lib_a-init.o)
 .debug_frame   0x00000000000004d0       0x30 /usr/lib/gcc/arm-none-eabi/9.2.1/../../../arm-none-eabi/lib/thumb/v6-m/nofp/libc_nano.a(lib_a-memset.o)
 .debug_frame   0x0000000000000500       0x20 /usr/lib/gcc/arm-none-eabi/9.2.1/thumb/v6-m/nofp/libgcc.a(_udivsi3.o)

Cross Reference Table

Symbol                                            File
ADC1_IRQHandler                                   build/startup_stm32f030x6.o
DMA1_Channel1_IRQHandler                          build/main.o
DMA1_Channel2_3_IRQHandler                        build/main.o
DMA1_Channel4_5_IRQHandler                        build/main.o
Default_Handler                                   build/startup_stm32f030x6.o
EXTI0_1_IRQHandler                                build/startup_stm32f030x6.o
EXTI2_3_IRQHandler                                build/startup_stm32f030x6.o
EXTI4_15_IRQHandler                               build/startup_stm32f030x6.o
FLASH_IRQHandler                                  build/startup_stm32f030x6.o
HardFault_Handler                                 build/startup_stm32f030x6.o
I2C1_IRQHandler                                   build/startup_stm32f030x6.o
Modbus_slave<In_regs, Out_regs, 0u>::answer_05()  build/main.o
Modbus_slave<In_regs, Out_regs, 0u>::answer_error(Modbus_error_code) build/main.o
Modbus_slave<In_regs, Out_regs, 0u>::check_regs(unsigned short) build/main.o
Modbus_slave<In_regs, Out_regs, 0u>::dma_interrupt::interrupt() build/main.o
Modbus_slave<In_regs, Out_regs, 0u>::make<(mcu::Periph)6, mcu::Pin_<(mcu::Periph)1, 2>, mcu::Pin_<(mcu::Periph)1, 3>, mcu::Pin_<(mcu::Periph)2, 1> >(unsigned char, UART_sized<255u>::Settings)::modbus build/main.o
Modbus_slave<In_regs, Out_regs, 0u>::notify()     build/main.o
Modbus_slave<In_regs, Out_regs, 0u>::uart_interrupt::interrupt() build/main.o
NMI_Handler                                       build/startup_stm32f030x6.o
Net_buffer<255u>::operator<<(unsigned char)       build/main.o
Net_buffer<255u>::operator<<(unsigned short)      build/main.o
Net_buffer<255u>::operator>>(unsigned short&)     build/main.o
Net_buffer<255u>::pop_front()                     build/main.o
PendSV_Handler                                    build/startup_stm32f030x6.o
Pin::is_set()                                     build/main.o
Pin::make<mcu::Pin_<(mcu::Periph)1, 2>, (mcu::PinMode)4>()::pin build/main.o
Pin::make<mcu::Pin_<(mcu::Periph)1, 3>, (mcu::PinMode)4>()::pin build/main.o
Pin::make<mcu::Pin_<(mcu::Periph)1, 6>, (mcu::PinMode)1>()::pin build/main.o
Pin::make<mcu::Pin_<(mcu::Periph)1, 7>, (mcu::PinMode)1>()::pin build/main.o
Pin::make<mcu::Pin_<(mcu::Periph)1, 8>, (mcu::PinMode)0>()::pin build/main.o
Pin::make<mcu::Pin_<(mcu::Periph)1, 9>, (mcu::PinMode)0>()::pin build/main.o
Pin::make<mcu::Pin_<(mcu::Periph)2, 0>, (mcu::PinMode)1>()::pin build/main.o
Pin::make<mcu::Pin_<(mcu::Periph)2, 15>, (mcu::PinMode)0>()::pin build/main.o
Pin::make<mcu::Pin_<(mcu::Periph)2, 1>, (mcu::PinMode)1>()::pin build/main.o
Pin::operator=(bool)                              build/main.o
Publisher::notify()                               build/main.o
RCC_IRQHandler                                    build/startup_stm32f030x6.o
RTC_IRQHandler                                    build/startup_stm32f030x6.o
Reset_Handler                                     build/startup_stm32f030x6.o
SPI1_IRQHandler                                   build/startup_stm32f030x6.o
SVC_Handler                                       build/startup_stm32f030x6.o
SysTick_Handler                                   build/main.o
TIM14_IRQHandler                                  build/main.o
TIM16_IRQHandler                                  build/main.o
TIM17_IRQHandler                                  build/main.o
TIM1_BRK_UP_TRG_COM_IRQHandler                    build/main.o
TIM1_CC_IRQHandler                                build/main.o
TIM3_IRQHandler                                   build/main.o
TickSubscriber::tick_subscribe()                  build/main.o
TickSubscriber::tick_unsubscribe()                build/main.o
TickUpdater::interrupt()                          build/main.o
Timer::done()                                     build/main.o
Timer::event()                                    build/main.o
Timer::isCount()                                  build/main.o
Timer::isGreater(unsigned long)                   build/main.o
Timer::pause()                                    build/main.o
Timer::start()                                    build/main.o
Timer::start(unsigned long)                       build/main.o
Timer::stop()                                     build/main.o
Timer::timeLeft()                                 build/main.o
Timer::timePassed()                               build/main.o
UART_sized<255u>::make<(mcu::Periph)6, mcu::Pin_<(mcu::Periph)1, 2>, mcu::Pin_<(mcu::Periph)1, 3>, mcu::Pin_<(mcu::Periph)2, 1> >()::uart build/main.o
UART_sized<255u>::receive()                       build/main.o
UART_sized<255u>::transmit()                      build/main.o
USART1_IRQHandler                                 build/main.o
WWDG_IRQHandler                                   build/startup_stm32f030x6.o
_ITM_deregisterTMCloneTable                       /usr/lib/gcc/arm-none-eabi/9.2.1/thumb/v6-m/nofp/crtbegin.o
_ITM_registerTMCloneTable                         /usr/lib/gcc/arm-none-eabi/9.2.1/thumb/v6-m/nofp/crtbegin.o
__TMC_END__                                       /usr/lib/gcc/arm-none-eabi/9.2.1/thumb/v6-m/nofp/crtend.o
                                                  /usr/lib/gcc/arm-none-eabi/9.2.1/thumb/v6-m/nofp/crtbegin.o
__aeabi_idiv                                      /usr/lib/gcc/arm-none-eabi/9.2.1/thumb/v6-m/nofp/libgcc.a(_divsi3.o)
                                                  build/main.o
__aeabi_idiv0                                     /usr/lib/gcc/arm-none-eabi/9.2.1/thumb/v6-m/nofp/libgcc.a(_dvmd_tls.o)
                                                  /usr/lib/gcc/arm-none-eabi/9.2.1/thumb/v6-m/nofp/libgcc.a(_divsi3.o)
                                                  /usr/lib/gcc/arm-none-eabi/9.2.1/thumb/v6-m/nofp/libgcc.a(_udivsi3.o)
__aeabi_idivmod                                   /usr/lib/gcc/arm-none-eabi/9.2.1/thumb/v6-m/nofp/libgcc.a(_divsi3.o)
__aeabi_ldiv0                                     /usr/lib/gcc/arm-none-eabi/9.2.1/thumb/v6-m/nofp/libgcc.a(_dvmd_tls.o)
__aeabi_uidiv                                     /usr/lib/gcc/arm-none-eabi/9.2.1/thumb/v6-m/nofp/libgcc.a(_udivsi3.o)
                                                  build/main.o
__aeabi_uidivmod                                  /usr/lib/gcc/arm-none-eabi/9.2.1/thumb/v6-m/nofp/libgcc.a(_udivsi3.o)
                                                  build/main.o
__atexit_dummy                                    /usr/lib/gcc/arm-none-eabi/9.2.1/../../../arm-none-eabi/lib/thumb/v6-m/nofp/libc_nano.a(lib_a-__atexit.o)
__bss_end__                                       /usr/lib/gcc/arm-none-eabi/9.2.1/../../../arm-none-eabi/lib/thumb/v6-m/nofp/crt0.o
__bss_start__                                     /usr/lib/gcc/arm-none-eabi/9.2.1/../../../arm-none-eabi/lib/thumb/v6-m/nofp/crt0.o
__call_exitprocs                                  /usr/lib/gcc/arm-none-eabi/9.2.1/../../../arm-none-eabi/lib/thumb/v6-m/nofp/libc_nano.a(lib_a-__call_atexit.o)
                                                  /usr/lib/gcc/arm-none-eabi/9.2.1/../../../arm-none-eabi/lib/thumb/v6-m/nofp/libc_nano.a(lib_a-__atexit.o)
                                                  /usr/lib/gcc/arm-none-eabi/9.2.1/../../../arm-none-eabi/lib/thumb/v6-m/nofp/libc_nano.a(lib_a-exit.o)
__deregister_frame_info                           /usr/lib/gcc/arm-none-eabi/9.2.1/thumb/v6-m/nofp/crtbegin.o
__divsi3                                          /usr/lib/gcc/arm-none-eabi/9.2.1/thumb/v6-m/nofp/libgcc.a(_divsi3.o)
__dso_handle                                      /usr/lib/gcc/arm-none-eabi/9.2.1/thumb/v6-m/nofp/crtbegin.o
__fini_array_end                                  /usr/lib/gcc/arm-none-eabi/9.2.1/../../../arm-none-eabi/lib/thumb/v6-m/nofp/libc_nano.a(lib_a-fini.o)
__fini_array_start                                /usr/lib/gcc/arm-none-eabi/9.2.1/../../../arm-none-eabi/lib/thumb/v6-m/nofp/libc_nano.a(lib_a-fini.o)
__gnu_thumb1_case_uqi                             /usr/lib/gcc/arm-none-eabi/9.2.1/thumb/v6-m/nofp/libgcc.a(_thumb1_case_uqi.o)
                                                  build/main.o
__init_array_end                                  /usr/lib/gcc/arm-none-eabi/9.2.1/../../../arm-none-eabi/lib/thumb/v6-m/nofp/libc_nano.a(lib_a-init.o)
__init_array_start                                /usr/lib/gcc/arm-none-eabi/9.2.1/../../../arm-none-eabi/lib/thumb/v6-m/nofp/libc_nano.a(lib_a-init.o)
__libc_fini_array                                 /usr/lib/gcc/arm-none-eabi/9.2.1/../../../arm-none-eabi/lib/thumb/v6-m/nofp/libc_nano.a(lib_a-fini.o)
                                                  /usr/lib/gcc/arm-none-eabi/9.2.1/../../../arm-none-eabi/lib/thumb/v6-m/nofp/crt0.o
__libc_init_array                                 /usr/lib/gcc/arm-none-eabi/9.2.1/../../../arm-none-eabi/lib/thumb/v6-m/nofp/libc_nano.a(lib_a-init.o)
                                                  build/startup_stm32f030x6.o
                                                  /usr/lib/gcc/arm-none-eabi/9.2.1/../../../arm-none-eabi/lib/thumb/v6-m/nofp/crt0.o
__on_exit_args                                    /usr/lib/gcc/arm-none-eabi/9.2.1/../../../arm-none-eabi/lib/thumb/v6-m/nofp/libc_nano.a(lib_a-__atexit.o)
__preinit_array_end                               /usr/lib/gcc/arm-none-eabi/9.2.1/../../../arm-none-eabi/lib/thumb/v6-m/nofp/libc_nano.a(lib_a-init.o)
__preinit_array_start                             /usr/lib/gcc/arm-none-eabi/9.2.1/../../../arm-none-eabi/lib/thumb/v6-m/nofp/libc_nano.a(lib_a-init.o)
__register_exitproc                               /usr/lib/gcc/arm-none-eabi/9.2.1/../../../arm-none-eabi/lib/thumb/v6-m/nofp/libc_nano.a(lib_a-__atexit.o)
                                                  /usr/lib/gcc/arm-none-eabi/9.2.1/../../../arm-none-eabi/lib/thumb/v6-m/nofp/libc_nano.a(lib_a-atexit.o)
__register_frame_info                             /usr/lib/gcc/arm-none-eabi/9.2.1/thumb/v6-m/nofp/crtbegin.o
__sf_fake_stderr                                  /usr/lib/gcc/arm-none-eabi/9.2.1/../../../arm-none-eabi/lib/thumb/v6-m/nofp/libc_nano.a(lib_a-impure.o)
__sf_fake_stdin                                   /usr/lib/gcc/arm-none-eabi/9.2.1/../../../arm-none-eabi/lib/thumb/v6-m/nofp/libc_nano.a(lib_a-impure.o)
__sf_fake_stdout                                  /usr/lib/gcc/arm-none-eabi/9.2.1/../../../arm-none-eabi/lib/thumb/v6-m/nofp/libc_nano.a(lib_a-impure.o)
__stack                                           /usr/lib/gcc/arm-none-eabi/9.2.1/../../../arm-none-eabi/lib/thumb/v6-m/nofp/crt0.o
__udivsi3                                         /usr/lib/gcc/arm-none-eabi/9.2.1/thumb/v6-m/nofp/libgcc.a(_udivsi3.o)
_ebss                                             build/startup_stm32f030x6.o
_edata                                            build/startup_stm32f030x6.o
_estack                                           build/startup_stm32f030x6.o
_exit                                             /usr/lib/gcc/arm-none-eabi/9.2.1/../../../arm-none-eabi/lib/thumb/v6-m/nofp/libnosys.a(_exit.o)
                                                  /usr/lib/gcc/arm-none-eabi/9.2.1/../../../arm-none-eabi/lib/thumb/v6-m/nofp/libc_nano.a(lib_a-exit.o)
_fini                                             /usr/lib/gcc/arm-none-eabi/9.2.1/thumb/v6-m/nofp/crti.o
                                                  /usr/lib/gcc/arm-none-eabi/9.2.1/../../../arm-none-eabi/lib/thumb/v6-m/nofp/libc_nano.a(lib_a-fini.o)
_global_atexit                                    /usr/lib/gcc/arm-none-eabi/9.2.1/../../../arm-none-eabi/lib/thumb/v6-m/nofp/libc_nano.a(lib_a-__call_atexit.o)
                                                  /usr/lib/gcc/arm-none-eabi/9.2.1/../../../arm-none-eabi/lib/thumb/v6-m/nofp/libc_nano.a(lib_a-__atexit.o)
_global_impure_ptr                                /usr/lib/gcc/arm-none-eabi/9.2.1/../../../arm-none-eabi/lib/thumb/v6-m/nofp/libc_nano.a(lib_a-impure.o)
                                                  /usr/lib/gcc/arm-none-eabi/9.2.1/../../../arm-none-eabi/lib/thumb/v6-m/nofp/libc_nano.a(lib_a-exit.o)
_impure_ptr                                       /usr/lib/gcc/arm-none-eabi/9.2.1/../../../arm-none-eabi/lib/thumb/v6-m/nofp/libc_nano.a(lib_a-impure.o)
_init                                             /usr/lib/gcc/arm-none-eabi/9.2.1/thumb/v6-m/nofp/crti.o
                                                  /usr/lib/gcc/arm-none-eabi/9.2.1/../../../arm-none-eabi/lib/thumb/v6-m/nofp/libc_nano.a(lib_a-init.o)
_mainCRTStartup                                   /usr/lib/gcc/arm-none-eabi/9.2.1/../../../arm-none-eabi/lib/thumb/v6-m/nofp/crt0.o
_sbss                                             build/startup_stm32f030x6.o
_sdata                                            build/startup_stm32f030x6.o
_sidata                                           build/startup_stm32f030x6.o
_stack_init                                       /usr/lib/gcc/arm-none-eabi/9.2.1/../../../arm-none-eabi/lib/thumb/v6-m/nofp/crt0.o
_start                                            /usr/lib/gcc/arm-none-eabi/9.2.1/../../../arm-none-eabi/lib/thumb/v6-m/nofp/crt0.o
atexit                                            /usr/lib/gcc/arm-none-eabi/9.2.1/../../../arm-none-eabi/lib/thumb/v6-m/nofp/libc_nano.a(lib_a-atexit.o)
                                                  /usr/lib/gcc/arm-none-eabi/9.2.1/../../../arm-none-eabi/lib/thumb/v6-m/nofp/crt0.o
auto CRC16<unsigned char*>(unsigned char*, unsigned char*) build/main.o
auto& UART_sized<255u>::make<(mcu::Periph)6, mcu::Pin_<(mcu::Periph)1, 2>, mcu::Pin_<(mcu::Periph)1, 3>, mcu::Pin_<(mcu::Periph)2, 1> >() build/main.o
exit                                              /usr/lib/gcc/arm-none-eabi/9.2.1/../../../arm-none-eabi/lib/thumb/v6-m/nofp/libc_nano.a(lib_a-exit.o)
                                                  /usr/lib/gcc/arm-none-eabi/9.2.1/../../../arm-none-eabi/lib/thumb/v6-m/nofp/crt0.o
g_pfnVectors                                      build/startup_stm32f030x6.o
guard variable for Modbus_slave<In_regs, Out_regs, 0u>::make<(mcu::Periph)6, mcu::Pin_<(mcu::Periph)1, 2>, mcu::Pin_<(mcu::Periph)1, 3>, mcu::Pin_<(mcu::Periph)2, 1> >(unsigned char, UART_sized<255u>::Settings)::modbus build/main.o
guard variable for Pin::make<mcu::Pin_<(mcu::Periph)1, 2>, (mcu::PinMode)4>()::pin build/main.o
guard variable for Pin::make<mcu::Pin_<(mcu::Periph)1, 3>, (mcu::PinMode)4>()::pin build/main.o
guard variable for Pin::make<mcu::Pin_<(mcu::Periph)1, 6>, (mcu::PinMode)1>()::pin build/main.o
guard variable for Pin::make<mcu::Pin_<(mcu::Periph)1, 7>, (mcu::PinMode)1>()::pin build/main.o
guard variable for Pin::make<mcu::Pin_<(mcu::Periph)1, 8>, (mcu::PinMode)0>()::pin build/main.o
guard variable for Pin::make<mcu::Pin_<(mcu::Periph)1, 9>, (mcu::PinMode)0>()::pin build/main.o
guard variable for Pin::make<mcu::Pin_<(mcu::Periph)2, 0>, (mcu::PinMode)1>()::pin build/main.o
guard variable for Pin::make<mcu::Pin_<(mcu::Periph)2, 15>, (mcu::PinMode)0>()::pin build/main.o
guard variable for Pin::make<mcu::Pin_<(mcu::Periph)2, 1>, (mcu::PinMode)1>()::pin build/main.o
guard variable for UART_sized<255u>::make<(mcu::Periph)6, mcu::Pin_<(mcu::Periph)1, 2>, mcu::Pin_<(mcu::Periph)1, 3>, mcu::Pin_<(mcu::Periph)2, 1> >()::uart build/main.o
hardware_init_hook                                /usr/lib/gcc/arm-none-eabi/9.2.1/../../../arm-none-eabi/lib/thumb/v6-m/nofp/crt0.o
init_clock                                        build/main.o
                                                  build/startup_stm32f030x6.o
interrupt_DMA1_channel1                           build/main.o
interrupt_DMA1_channel2                           build/main.o
interrupt_DMA1_channel3                           build/main.o
interrupt_DMA1_channel4                           build/main.o
interrupt_DMA1_channel5                           build/main.o
interrupt_spi1                                    build/main.o
interrupt_tim1                                    build/main.o
interrupt_tim3                                    build/main.o
interrupt_usart1                                  build/main.o
main                                              build/main.o
                                                  build/startup_stm32f030x6.o
                                                  /usr/lib/gcc/arm-none-eabi/9.2.1/../../../arm-none-eabi/lib/thumb/v6-m/nofp/crt0.o
malloc                                            /usr/lib/gcc/arm-none-eabi/9.2.1/../../../arm-none-eabi/lib/thumb/v6-m/nofp/libc_nano.a(lib_a-__atexit.o)
mcu::DMA::clear_interrupt_flags(mcu::DMA::Channel) build/main.o
mcu::DMA::is_transfer_complete_interrupt(mcu::DMA::Channel) build/main.o
mcu::FLASH::start_erase(mcu::FLASH::Sector)       build/main.o
mcu::FLASH::unlock()                              build/main.o
mcu::TIM::compare_disable(mcu::TIM::Channel)      build/main.o
mcu::TIM::compare_enable(mcu::TIM::Channel)       build/main.o
mcu::TIM::interrupt_enable(mcu::TIM::Channel)     build/main.o
mcu::TIM::is_compare(mcu::TIM::Channel)           build/main.o
mcu::TIM::set_compare(mcu::TIM::Channel, unsigned short) build/main.o
mcu::USART::set(mcu::USART::Baudrate, mcu::Periph) build/main.o
memset                                            /usr/lib/gcc/arm-none-eabi/9.2.1/../../../arm-none-eabi/lib/thumb/v6-m/nofp/libc_nano.a(lib_a-memset.o)
                                                  build/main.o
                                                  /usr/lib/gcc/arm-none-eabi/9.2.1/../../../arm-none-eabi/lib/thumb/v6-m/nofp/crt0.o
software_init_hook                                /usr/lib/gcc/arm-none-eabi/9.2.1/../../../arm-none-eabi/lib/thumb/v6-m/nofp/crt0.o
tickUpdater                                       build/main.o
vtable for Modbus_slave<In_regs, Out_regs, 0u>    build/main.o
vtable for Modbus_slave<In_regs, Out_regs, 0u>::dma_interrupt build/main.o
vtable for Modbus_slave<In_regs, Out_regs, 0u>::uart_interrupt build/main.o
